File basic.jazz:
Failed as expected xof_init: "fail/basic.jazz", line 51 (9-14):
                             speculative constant type checker: return type for state is #[ptr = public, val = secret] it should be less than #[ptr = public, val = { n = public, s = t}]
Failed as expected missing_then: "fail/basic.jazz", line 37 (18-19):
                                 speculative constant type checker: the variable m is not known to be a msf, only {
                                   } are
Failed as expected missing_else: "fail/basic.jazz", line 23 (18-19):
                                 speculative constant type checker: the variable m is not known to be a msf, only {
                                   } are
Failed as expected after_branch: "fail/basic.jazz", line 10 (18-19):
                                 speculative constant type checker: the variable m is not known to be a msf, only {
                                   } are
Failed as expected leak_transient: "fail/basic.jazz", line 1 (42-50):
                                   speculative constant type checker: x has type #transient but should be at most #public
File functions.jazz:
Failed as expected call_kills_msf: "fail/functions.jazz", line 9 (2-10):
                                   speculative constant type checker: 
                                   this function call destroys MSFs and { m } are required.
                                   Trace:
                                     the function leak destroys MSFs at "fail/functions.jazz", line 1 (36-48)
File inline-if-modmsf.jazz:
Failed as expected inline_if_modmsf: "fail/inline-if-modmsf.jazz", line 18 (2-11):
                                     speculative constant type checker: 
                                     this function call destroys MSFs and { ms } are required.
                                     Trace:
                                       the function f destroys MSFs at "fail/inline-if-modmsf.jazz", line 6 (8) to line 8 (9)
File modmsf-trace.jazz:
Failed as expected modmsf_trace: "fail/modmsf-trace.jazz", line 17 (2-8):
                                 speculative constant type checker: this function call destroys MSFs and { ms } are required.
                                 Trace:
                                   the function f2 destroys MSFs at "fail/modmsf-trace.jazz", line 12 (19-25)
                                   the function f1 destroys MSFs at "fail/modmsf-trace.jazz", line 9 (19-31)
                                   the function kill_msf destroys MSFs at "fail/modmsf-trace.jazz", line 3 (4) to line 5 (5)
