File basic.jazz:
Failed as expected missing_then: "fail/basic.jazz", line 37 (18-19):
                                 SCT checker: the variable m is not known to be a msf, only {
                                   } are
Failed as expected missing_else: "fail/basic.jazz", line 23 (18-19):
                                 SCT checker: the variable m is not known to be a msf, only {
                                   } are
Failed as expected after_branch: "fail/basic.jazz", line 10 (18-19):
                                 SCT checker: the variable m is not known to be a msf, only {
                                   } are
Failed as expected leak_transient: "fail/basic.jazz", line 1 (42-50):
                                   SCT checker: x has type #transient but should be at most #public
File functions.jazz:
Failed as expected call_kills_msf: "fail/functions.jazz", line 9 (2-10):
                                   SCT checker: calls destroy msf variables, {
                                    m } are required
