Failed as expected assign_msf: speculative constant type checker: assignment to MSF variable x not allowed
Failed as expected syscall: speculative constant type checker: syscalls destroy msf variables, {
                             x } are required
Failed as expected update_msf_not_trans: speculative constant type checker: MSF is not Trans
Failed as expected update_msf_wrong_expr: speculative constant type checker: the expression false need to be equal to
                                          (x ==64u ((64u) 0))
Failed as expected update_msf_not_msf: speculative constant type checker: 
                                       the variables { x } need to be MSFs.
Failed as expected msf_trans: speculative constant type checker: MSF is Trans
                              (x ==64u ((64u) 0))
Failed as expected not_known_as_msf: speculative constant type checker: 
                                     the variables { x } need to be MSFs.
Failed as expected msf_in_export: speculative constant type checker: 
                                  the arguments { p } need to be MSFs, this is not allowed for export functions.
Failed as expected should_be_a_msf: speculative constant type checker: p should be an MSF
Failed as expected at_least_transient: speculative constant type checker: security annotation for p should be at least transient
Failed as expected unbound_level: speculative constant type checker: unbound security level hello
Failed as expected inconsistent_constraint: speculative constant type checker: cannot add constraint secret <= public, it is inconsistent
Failed as expected bad_modmsf: speculative constant type checker: annotation modmsf should be nomodmsf
Failed as expected bad_nomodmsf: speculative constant type checker: annotation nomodmsf should be modmsf
Failed as expected call_bad_nomodmsf: speculative constant type checker: annotation nomodmsf should be modmsf
Failed as expected call_bad_nomodmsf2: speculative constant type checker: annotation nomodmsf should be modmsf
Failed as expected call_bad_nomodmsf3: speculative constant type checker: annotation nomodmsf should be modmsf
Failed as expected call_modmsf_destroys: speculative constant type checker: 
                                         this function call destroys MSFs and { msf } are required.
                                         Trace:
                                           the function modmsf_destroys destroys MSFs at "error_messages.jazz", line 140 (2) to line 142 (3)
Failed as expected ret_high: speculative constant type checker: return type for p is #secret it should be less than #public
Failed as expected ret_transient: speculative constant type checker: return type for p is #transient it should be less than #public
Failed as expected ret_msf: speculative constant type checker: return annotation for msf should be msf
Failed as expected public_arg: speculative constant type checker: security annotation for x should be at least transient
Failed as expected unknown function: speculative constant type checker: unknown function unknown function
Failed as expected need_declassify: speculative constant type checker: return type for x is #secret it should be less than #public
